// Jest Snapshot v1, https://goo.gl/fbAQLP

exports[`SliderProducts Component should render slider products div 1`] = `
<div
  data-testid="test-slider"
>
  <div
    class="react-multi-carousel-list  "
    dir="ltr"
  >
    <ul
      class="react-multi-carousel-track "
      style="transition: none; overflow: unset; transform: translate3d(0px,0,0);"
    />
  </div>
</div>
`;
